     VMA      LMA     Size Align Out     In      Symbol
80000000 80000000     5420     1 .text
80000000 80000000       58     1         /home/dushuai/upmem-2025.1.0-Linux-x86_64/bin/../share/upmem/include/misc/v1A/crt0.o:(.text.__bootstrap)
80000000 80000000        0     1                 
80000000 80000000        0     1                 
80000000 80000000        0     1                 
80000000 80000000       58     1                 __bootstrap
80000018 80000018        0     1                 __sys_atomic_bit_clear
80000020 80000020        0     1                 
80000030 80000030        0     1                 
80000030 80000030        0     1                 __sys_start_thread
80000050 80000050        0     1                 __sys_end
80000058 80000058      a58     1         /tmp/B+Tree-518565.o:(.text.bptree_insert_thread_ex)
80000058 80000058        0     1                 
80000058 80000058        0     1                 
80000058 80000058        0     1                 
80000058 80000058      a58     1                 bptree_insert_thread_ex
800000c8 800000c8        0     1                 .LBB3_2
80000108 80000108        0     1                 .LBB3_5
80000140 80000140        0     1                 
80000188 80000188        0     1                 
80000188 80000188        0     1                 .LBB3_7
80000190 80000190        0     1                 
800001a8 800001a8        0     1                 
800001b0 800001b0        0     1                 
800001b8 800001b8        0     1                 
800001c0 800001c0        0     1                 .LBB3_8
800001c8 800001c8        0     1                 
800001f0 800001f0        0     1                 
80000200 80000200        0     1                 .LBB3_10
80000230 80000230        0     1                 .LBB3_12
80000238 80000238        0     1                 .LBB3_13
800002b0 800002b0        0     1                 
800002c0 800002c0        0     1                 
800002c0 800002c0        0     1                 .LBB3_15
800002f0 800002f0        0     1                 
80000308 80000308        0     1                 
80000328 80000328        0     1                 .LBB3_17
80000378 80000378        0     1                 
80000388 80000388        0     1                 
80000398 80000398        0     1                 .LBB3_20
800003c8 800003c8        0     1                 
800003e8 800003e8        0     1                 .LBB3_21
800003f0 800003f0        0     1                 
800003f0 800003f0        0     1                 .LBB3_22
800003f8 800003f8        0     1                 
80000400 80000400        0     1                 
80000428 80000428        0     1                 
80000460 80000460        0     1                 .LBB3_24
80000488 80000488        0     1                 
80000490 80000490        0     1                 
800004d0 800004d0        0     1                 .LBB3_29
80000500 80000500        0     1                 
80000500 80000500        0     1                 .LBB3_32
80000538 80000538        0     1                 
80000548 80000548        0     1                 
80000548 80000548        0     1                 .LBB3_33
80000588 80000588        0     1                 
800005c0 800005c0        0     1                 .LBB3_35
800005d0 800005d0        0     1                 
800005d0 800005d0        0     1                 .LBB3_36
80000628 80000628        0     1                 
80000658 80000658        0     1                 
80000668 80000668        0     1                 .LBB3_38
80000670 80000670        0     1                 
800006c8 800006c8        0     1                 
80000708 80000708        0     1                 
80000720 80000720        0     1                 .LBB3_42
80000758 80000758        0     1                 .LBB3_45
80000760 80000760        0     1                 .LBB3_46
80000768 80000768        0     1                 
80000770 80000770        0     1                 .LBB3_47
800007b8 800007b8        0     1                 .LBB3_48
800007e0 800007e0        0     1                 
80000800 80000800        0     1                 
80000840 80000840        0     1                 
80000870 80000870        0     1                 
80000880 80000880        0     1                 .LBB3_50
80000888 80000888        0     1                 
80000888 80000888        0     1                 .LBB3_51
800008a8 800008a8        0     1                 .LBB3_52
80000900 80000900        0     1                 .LBB3_54
80000908 80000908        0     1                 
80000908 80000908        0     1                 .LBB3_55
80000930 80000930        0     1                 .LBB3_57
80000980 80000980        0     1                 .LBB3_58
800009c0 800009c0        0     1                 
800009e0 800009e0        0     1                 
80000a20 80000a20        0     1                 
80000a58 80000a58        0     1                 
80000a68 80000a68        0     1                 .LBB3_60
80000a70 80000a70        0     1                 
80000a70 80000a70        0     1                 .LBB3_61
80000a78 80000a78        0     1                 .LBB3_62
80000ab0 80000ab0        0     1                 
80000ab0 80000ab0      3d0     1         /tmp/B+Tree-518565.o:(.text.split_leaf_node)
80000ab0 80000ab0        0     1                 
80000ab0 80000ab0        0     1                 
80000ab0 80000ab0        0     1                 
80000ab0 80000ab0      3d0     1                 split_leaf_node
80000ab8 80000ab8        0     1                 
80000ad0 80000ad0        0     1                 
80000af8 80000af8        0     1                 .LBB4_2
80000b40 80000b40        0     1                 
80000b50 80000b50        0     1                 .LBB4_5
80000b78 80000b78        0     1                 .LBB4_7
80000ba8 80000ba8        0     1                 .LBB4_10
80000be0 80000be0        0     1                 
80000c08 80000c08        0     1                 .LBB4_21
80000c40 80000c40        0     1                 
80000c40 80000c40        0     1                 .LBB4_22
80000c48 80000c48        0     1                 .LBB4_27
80000c80 80000c80        0     1                 .LBB4_23
80000ca0 80000ca0        0     1                 .LBB4_11
80000ca8 80000ca8        0     1                 
80000ce0 80000ce0        0     1                 .LBB4_13
80000d18 80000d18        0     1                 .LBB4_14
80000d40 80000d40        0     1                 
80000d58 80000d58        0     1                 .LBB4_17
80000d98 80000d98        0     1                 .LBB4_18
80000dd0 80000dd0        0     1                 .LBB4_24
80000e18 80000e18        0     1                 
80000e28 80000e28        0     1                 
80000e30 80000e30        0     1                 .LBB4_26
80000e60 80000e60        0     1                 
80000e68 80000e68        0     1                 
80000e80 80000e80        0     1                 
80000e80 80000e80      448     1         /tmp/B+Tree-518565.o:(.text.split_internal_node)
80000e80 80000e80        0     1                 
80000e80 80000e80        0     1                 
80000e80 80000e80        0     1                 
80000e80 80000e80      448     1                 split_internal_node
80000e88 80000e88        0     1                 
80000e90 80000e90        0     1                 
80000eb8 80000eb8        0     1                 .LBB5_2
80000f00 80000f00        0     1                 
80000f10 80000f10        0     1                 .LBB5_5
80000f38 80000f38        0     1                 .LBB5_7
80000f68 80000f68        0     1                 .LBB5_10
80000f88 80000f88        0     1                 
80000fa0 80000fa0        0     1                 
80000fd8 80000fd8        0     1                 .LBB5_13
80001020 80001020        0     1                 .LBB5_15
80001028 80001028        0     1                 
80001068 80001068        0     1                 
800010a0 800010a0        0     1                 .LBB5_18
800010d8 800010d8        0     1                 .LBB5_19
80001108 80001108        0     1                 
80001128 80001128        0     1                 .LBB5_21
80001170 80001170        0     1                 .LBB5_14
80001180 80001180        0     1                 
80001180 80001180        0     1                 .LBB5_23
800011c0 800011c0        0     1                 
800011f0 800011f0        0     1                 .LBB5_25
80001228 80001228        0     1                 .LBB5_26
80001230 80001230        0     1                 
80001238 80001238        0     1                 .LBB5_27
80001278 80001278        0     1                 .LBB5_28
80001290 80001290        0     1                 .LBB5_29
800012a8 800012a8        0     1                 
800012b0 800012b0        0     1                 
800012c8 800012c8        0     1                 
800012c8 800012c8      578     1         /tmp/B+Tree-518565.o:(.text.insert_and_propagate)
800012c8 800012c8        0     1                 
800012c8 800012c8        0     1                 
800012c8 800012c8        0     1                 
800012c8 800012c8      578     1                 insert_and_propagate
80001398 80001398        0     1                 
80001398 80001398        0     1                 .LBB11_17
800013b8 800013b8        0     1                 
80001410 80001410        0     1                 
80001420 80001420        0     1                 
80001420 80001420        0     1                 .LBB11_1
80001428 80001428        0     1                 
80001450 80001450        0     1                 
800014c0 800014c0        0     1                 
800014f0 800014f0        0     1                 
80001500 80001500        0     1                 
80001530 80001530        0     1                 
80001538 80001538        0     1                 
80001558 80001558        0     1                 .LBB11_20
800015b8 800015b8        0     1                 
800015c8 800015c8        0     1                 
800015d8 800015d8        0     1                 .LBB11_23
800015f8 800015f8        0     1                 
80001640 80001640        0     1                 
80001690 80001690        0     1                 
80001690 80001690        0     1                 .LBB11_3
800016a8 800016a8        0     1                 .LBB11_8
800016e0 800016e0        0     1                 .LBB11_4
800016e8 800016e8        0     1                 
800016e8 800016e8        0     1                 .LBB11_11
800016f8 800016f8        0     1                 .LBB11_13
80001740 80001740        0     1                 .LBB11_5
80001768 80001768        0     1                 
80001778 80001778        0     1                 
80001780 80001780        0     1                 
80001798 80001798        0     1                 
800017f0 800017f0        0     1                 
80001800 80001800        0     1                 .LBB11_14
80001810 80001810        0     1                 
80001810 80001810        0     1                 .LBB11_25
80001840 80001840        0     1                 
80001840 80001840      760     1         /tmp/B+Tree-518565.o:(.text.merge_two_trees)
80001840 80001840        0     1                 
80001840 80001840        0     1                 
80001840 80001840        0     1                 
80001840 80001840      760     1                 merge_two_trees
800018a8 800018a8        0     1                 
800018b8 800018b8        0     1                 
800018e0 800018e0        0     1                 .LBB14_4
800018e8 800018e8        0     1                 
80001920 80001920        0     1                 
80001920 80001920        0     1                 .LBB14_5
80001948 80001948        0     1                 .LBB14_7
80001950 80001950        0     1                 
80001968 80001968        0     1                 
80001978 80001978        0     1                 
80001980 80001980        0     1                 
80001980 80001980        0     1                 .LBB14_9
80001998 80001998        0     1                 
800019c0 800019c0        0     1                 
800019d0 800019d0        0     1                 
800019e0 800019e0        0     1                 
800019e8 800019e8        0     1                 .LBB14_12
80001a08 80001a08        0     1                 
80001a48 80001a48        0     1                 
80001a58 80001a58        0     1                 
80001a78 80001a78        0     1                 .LBB14_15
80001ac8 80001ac8        0     1                 
80001ad8 80001ad8        0     1                 
80001ae8 80001ae8        0     1                 .LBB14_18
80001b10 80001b10        0     1                 
80001b60 80001b60        0     1                 
80001bb8 80001bb8        0     1                 .LBB14_19
80001c48 80001c48        0     1                 
80001c90 80001c90        0     1                 
80001c90 80001c90        0     1                 .LBB14_22
80001cb0 80001cb0        0     1                 
80001cf0 80001cf0        0     1                 .LBB14_23
80001d78 80001d78        0     1                 
80001d88 80001d88        0     1                 .LBB14_24
80001e18 80001e18        0     1                 
80001e60 80001e60        0     1                 
80001e60 80001e60        0     1                 .LBB14_26
80001e80 80001e80        0     1                 
80001ec8 80001ec8        0     1                 .LBB14_27
80001f48 80001f48        0     1                 
80001f50 80001f50        0     1                 .LBB14_28
80001f70 80001f70        0     1                 
80001f70 80001f70        0     1                 .LBB14_29
80001fa0 80001fa0        0     1                 
80001fa0 80001fa0     16e8     1         /tmp/B+Tree-518565.o:(.text.main)
80001fa0 80001fa0        0     1                 
80001fa0 80001fa0        0     1                 
80001fa0 80001fa0        0     1                 
80001fa0 80001fa0     16e8     1                 main
80001fb0 80001fb0        0     1                 
80002068 80002068        0     1                 
80002078 80002078        0     1                 
80002080 80002080        0     1                 .LBB17_2
800020a0 800020a0        0     1                 
800020c8 800020c8        0     1                 .LBB17_12
800020d0 800020d0        0     1                 
800020e0 800020e0        0     1                 .LBB17_3
800020e8 800020e8        0     1                 
800020f8 800020f8        0     1                 
80002110 80002110        0     1                 .LBB17_10
80002120 80002120        0     1                 
80002130 80002130        0     1                 
800021b8 800021b8        0     1                 
800021d0 800021d0        0     1                 
800021d0 800021d0        0     1                 .LBB17_11
800021d8 800021d8        0     1                 .LBB17_4
800021f0 800021f0        0     1                 
80002210 80002210        0     1                 
80002220 80002220        0     1                 
80002230 80002230        0     1                 
80002238 80002238        0     1                 
80002258 80002258        0     1                 .LBB17_7
80002290 80002290        0     1                 
80002298 80002298        0     1                 
800022a8 800022a8        0     1                 
800022a8 800022a8        0     1                 .LBB17_13
800022c0 800022c0        0     1                 .LBB17_16
800022c8 800022c8        0     1                 
80002308 80002308        0     1                 .LBB17_14
80002318 80002318        0     1                 .LBB17_18
80002328 80002328        0     1                 
80002360 80002360        0     1                 .LBB17_22
80002368 80002368        0     1                 
80002398 80002398        0     1                 .LBB17_19
800023a8 800023a8        0     1                 .LBB17_23
800023d0 800023d0        0     1                 
80002470 80002470        0     1                 
80002470 80002470        0     1                 .LBB17_26
80002488 80002488        0     1                 
800024c8 800024c8        0     1                 
800024e8 800024e8        0     1                 
800024f8 800024f8        0     1                 
80002518 80002518        0     1                 .LBB17_29
80002520 80002520        0     1                 .LBB17_30
80002540 80002540        0     1                 .LBB17_32
80002558 80002558        0     1                 
80002608 80002608        0     1                 
80002640 80002640        0     1                 
80002640 80002640        0     1                 .LBB17_40
80002660 80002660        0     1                 .LBB17_33
80002680 80002680        0     1                 
800026a0 800026a0        0     1                 .LBB17_45
800026b0 800026b0        0     1                 
800026b0 800026b0        0     1                 .LBB17_43
800026e8 800026e8        0     1                 
80002718 80002718        0     1                 .LBB17_46
80002730 80002730        0     1                 .LBB17_34
80002740 80002740        0     1                 .LBB17_35
80002780 80002780        0     1                 .LBB17_39
80002790 80002790        0     1                 
80002790 80002790        0     1                 .LBB17_37
800027c8 800027c8        0     1                 
800027f8 800027f8        0     1                 .LBB17_47
80002808 80002808        0     1                 .LBB17_48
80002818 80002818        0     1                 
80002860 80002860        0     1                 
80002860 80002860        0     1                 .LBB17_49
80002870 80002870        0     1                 
80002890 80002890        0     1                 
800028a0 800028a0        0     1                 
800028a0 800028a0        0     1                 .LBB17_50
800028a8 800028a8        0     1                 
800028b0 800028b0        0     1                 
800028b8 800028b8        0     1                 .LBB17_52
80002950 80002950        0     1                 .LBB17_66
80002978 80002978        0     1                 
80002978 80002978        0     1                 .LBB17_53
80002990 80002990        0     1                 .LBB17_55
800029b8 800029b8        0     1                 .LBB17_57
800029c8 800029c8        0     1                 
800029f0 800029f0        0     1                 
80002a00 80002a00        0     1                 .LBB17_85
80002a10 80002a10        0     1                 
80002a20 80002a20        0     1                 
80002aa0 80002aa0        0     1                 
80002ab0 80002ab0        0     1                 
80002ab0 80002ab0        0     1                 .LBB17_86
80002ac8 80002ac8        0     1                 
80002ac8 80002ac8        0     1                 .LBB17_87
80002ad8 80002ad8        0     1                 
80002ad8 80002ad8        0     1                 .LBB17_59
80002b10 80002b10        0     1                 
80002b40 80002b40        0     1                 
80002b58 80002b58        0     1                 
80002b58 80002b58        0     1                 .LBB17_76
80002b68 80002b68        0     1                 
80002b68 80002b68        0     1                 .LBB17_61
80002ba0 80002ba0        0     1                 
80002bf0 80002bf0        0     1                 
80002c58 80002c58        0     1                 
80002d08 80002d08        0     1                 
80002d08 80002d08        0     1                 .LBB17_77
80002d10 80002d10        0     1                 
80002d10 80002d10        0     1                 .LBB17_78
80002d80 80002d80        0     1                 
80002d90 80002d90        0     1                 
80002da0 80002da0        0     1                 
80002dd0 80002dd0        0     1                 
80002dd8 80002dd8        0     1                 
80002df8 80002df8        0     1                 .LBB17_82
80002e48 80002e48        0     1                 
80002e58 80002e58        0     1                 
80002e68 80002e68        0     1                 
80002e68 80002e68        0     1                 .LBB17_79
80002e80 80002e80        0     1                 
80002e80 80002e80        0     1                 .LBB17_67
80002e90 80002e90        0     1                 
80002ea8 80002ea8        0     1                 
80002eb0 80002eb0        0     1                 
80002eb0 80002eb0        0     1                 .LBB17_69
80002ee8 80002ee8        0     1                 
80002f68 80002f68        0     1                 
80002fa0 80002fa0        0     1                 .LBB17_72
80003070 80003070        0     1                 
800030c0 800030c0        0     1                 .LBB17_73
800030e0 800030e0        0     1                 
80003110 80003110        0     1                 .LBB17_74
80003120 80003120        0     1                 
80003138 80003138        0     1                 
80003140 80003140        0     1                 .LBB17_88
80003148 80003148        0     1                 
80003168 80003168        0     1                 
80003168 80003168        0     1                 .LBB17_91
80003178 80003178        0     1                 .LBB17_89
800031d8 800031d8        0     1                 
800031e0 800031e0        0     1                 .LBB17_92
80003218 80003218        0     1                 
80003238 80003238        0     1                 .LBB17_96
80003308 80003308        0     1                 
80003348 80003348        0     1                 .LBB17_97
80003378 80003378        0     1                 .LBB17_93
80003390 80003390        0     1                 .LBB17_98
800033a0 800033a0        0     1                 
800033a8 800033a8        0     1                 
800033b8 800033b8        0     1                 
800033d8 800033d8        0     1                 
800033f8 800033f8        0     1                 
80003410 80003410        0     1                 
80003430 80003430        0     1                 
80003450 80003450        0     1                 
80003468 80003468        0     1                 
80003488 80003488        0     1                 
800034a8 800034a8        0     1                 
800034c0 800034c0        0     1                 
800034e0 800034e0        0     1                 
80003500 80003500        0     1                 
80003518 80003518        0     1                 
80003540 80003540        0     1                 
80003560 80003560        0     1                 
80003578 80003578        0     1                 
80003590 80003590        0     1                 
800035a8 800035a8        0     1                 
800035c0 800035c0        0     1                 
800035d8 800035d8        0     1                 
800035f0 800035f0        0     1                 
80003638 80003638        0     1                 
80003650 80003650        0     1                 
80003650 80003650        0     1                 .LBB17_99
80003688 80003688        0     1                 
80003688 80003688      428     1         /tmp/B+Tree-518565.o:(.text.distribute_subtrees_recursive)
80003688 80003688        0     1                 
80003688 80003688        0     1                 
80003688 80003688        0     1                 
80003688 80003688      428     1                 distribute_subtrees_recursive
800036d8 800036d8        0     1                 .LBB18_6
800036e8 800036e8        0     1                 .LBB18_7
800036f0 800036f0        0     1                 
800036f8 800036f8        0     1                 
800036f8 800036f8        0     1                 .LBB18_2
80003748 80003748        0     1                 .LBB18_8
80003758 80003758        0     1                 
80003790 80003790        0     1                 
80003790 80003790        0     1                 .LBB18_14
80003798 80003798        0     1                 
800037b8 800037b8        0     1                 
800037c0 800037c0        0     1                 
800037d0 800037d0        0     1                 
800037e8 800037e8        0     1                 .LBB18_27
80003810 80003810        0     1                 
80003828 80003828        0     1                 
80003828 80003828        0     1                 .LBB18_31
80003858 80003858        0     1                 
80003868 80003868        0     1                 
80003868 80003868        0     1                 .LBB18_29
80003888 80003888        0     1                 
80003888 80003888        0     1                 .LBB18_15
80003890 80003890        0     1                 
800038b0 800038b0        0     1                 
800038b0 800038b0        0     1                 .LBB18_17
800038e8 800038e8        0     1                 .LBB18_23
800038f8 800038f8        0     1                 .LBB18_19
80003920 80003920        0     1                 
80003980 80003980        0     1                 
80003a08 80003a08        0     1                 
80003a08 80003a08        0     1                 .LBB18_12
80003a40 80003a40        0     1                 
80003a90 80003a90        0     1                 
80003a90 80003a90        0     1                 .LBB18_32
80003ab0 80003ab0        0     1                 
80003ab0 80003ab0      168     1         /home/dushuai/upmem-2025.1.0-Linux-x86_64/bin/../share/upmem/include/built-in/v1A/librt_v1A.a(memcpy.c.obj):(.text.memcpy)
80003ab0 80003ab0        0     1                 
80003ab0 80003ab0        0     1                 
80003ab0 80003ab0        0     1                 
80003ab0 80003ab0      168     1                 memcpy
80003af0 80003af0        0     1                 .LBB1_2
80003b00 80003b00        0     1                 .LBB1_4
80003b28 80003b28        0     1                 
80003b28 80003b28        0     1                 .LBB1_6
80003b50 80003b50        0     1                 .LBB1_7
80003b70 80003b70        0     1                 .LBB1_9
80003b98 80003b98        0     1                 
80003b98 80003b98        0     1                 .LBB1_11
80003bc0 80003bc0        0     1                 .LBB1_12
80003be0 80003be0        0     1                 
80003be0 80003be0        0     1                 .LBB1_14
80003c10 80003c10        0     1                 .LBB1_15
80003c18 80003c18        0     1                 
80003c18 80003c18       50     1         /home/dushuai/upmem-2025.1.0-Linux-x86_64/bin/../share/upmem/include/built-in/v1A/librt_v1A.a(memset.c.obj):(.text.__memset_wram_4align)
80003c18 80003c18        0     1                 
80003c18 80003c18        0     1                 
80003c18 80003c18        0     1                 
80003c18 80003c18       50     1                 __memset_wram_4align
80003c48 80003c48        0     1                 .LBB0_2
80003c60 80003c60        0     1                 .LBB0_3
80003c68 80003c68        0     1                 
80003c68 80003c68      118     1         /home/dushuai/upmem-2025.1.0-Linux-x86_64/bin/../share/upmem/include/built-in/v1A/librt_v1A.a(memset.c.obj):(.text.memset)
80003c68 80003c68        0     1                 
80003c68 80003c68        0     1                 
80003c68 80003c68        0     1                 
80003c68 80003c68      118     1                 memset
80003c70 80003c70        0     1                 
80003c90 80003c90        0     1                 
80003c90 80003c90        0     1                 .LBB1_4
80003ca8 80003ca8        0     1                 .LBB1_6
80003cc0 80003cc0        0     1                 .LBB1_7
80003cd8 80003cd8        0     1                 .LBB1_12
80003ce0 80003ce0        0     1                 
80003ce0 80003ce0        0     1                 .LBB1_13
80003cf8 80003cf8        0     1                 .LBB1_14
80003d00 80003d00        0     1                 .LBB1_1
80003d10 80003d10        0     1                 
80003d10 80003d10        0     1                 .LBB1_9
80003d18 80003d18        0     1                 
80003d38 80003d38        0     1                 
80003d48 80003d48        0     1                 .LBB1_10
80003d80 80003d80        0     1                 
80003d80 80003d80      598     1         /home/dushuai/upmem-2025.1.0-Linux-x86_64/bin/../share/upmem/include/built-in/v1A/librt_v1A.a(stdio.c.obj):(.text.printf)
80003d80 80003d80        0     1                 
80003d80 80003d80        0     1                 
80003d80 80003d80        0     1                 
80003d80 80003d80      598     1                 printf
80003db8 80003db8        0     1                 
80003dd8 80003dd8        0     1                 .LBB0_19
80003de8 80003de8        0     1                 .LBB0_1
80003e08 80003e08        0     1                 .LBB0_6
80003e38 80003e38        0     1                 
80003e40 80003e40        0     1                 .LBB0_18
80003e48 80003e48        0     1                 
80003e70 80003e70        0     1                 .LBB0_17
80003e78 80003e78        0     1                 .LBB0_9
80003eb0 80003eb0        0     1                 
80003eb8 80003eb8        0     1                 .LBB0_10
80003ee0 80003ee0        0     1                 
80003ee8 80003ee8        0     1                 
80003ee8 80003ee8        0     1                 .LBB0_3
80003f08 80003f08        0     1                 
80003f18 80003f18        0     1                 
80003f20 80003f20        0     1                 .LBB0_20
80003f38 80003f38        0     1                 
80003f48 80003f48        0     1                 .LBB0_22
80003f50 80003f50        0     1                 
80003f50 80003f50        0     1                 .LBB0_23
80003f58 80003f58        0     1                 
80003f68 80003f68        0     1                 .LBB0_21
80003f78 80003f78        0     1                 
80003fb0 80003fb0        0     1                 
80003fb0 80003fb0        0     1                 .LBB0_28
80003fd0 80003fd0        0     1                 .LBB0_36
80003ff0 80003ff0        0     1                 .LBB0_34
80004008 80004008        0     1                 .LBB0_35
80004018 80004018        0     1                 .LBB0_30
80004030 80004030        0     1                 .LBB0_33
80004058 80004058        0     1                 .LBB0_37
80004080 80004080        0     1                 
80004080 80004080        0     1                 .LBB0_45
800040b0 800040b0        0     1                 
800040c0 800040c0        0     1                 
800040d8 800040d8        0     1                 
800040f0 800040f0        0     1                 
80004100 80004100        0     1                 
80004110 80004110        0     1                 
80004128 80004128        0     1                 
80004140 80004140        0     1                 
80004158 80004158        0     1                 
80004160 80004160        0     1                 
80004160 80004160        0     1                 .LBB0_46
80004198 80004198        0     1                 .LBB0_48
800041c0 800041c0        0     1                 .LBB0_49
800041c8 800041c8        0     1                 
800041d8 800041d8        0     1                 
800041e8 800041e8        0     1                 
800041e8 800041e8        0     1                 .LBB0_50
800041f8 800041f8        0     1                 
80004208 80004208        0     1                 
80004208 80004208        0     1                 .LBB0_51
80004218 80004218        0     1                 
80004218 80004218        0     1                 .LBB0_43
80004240 80004240        0     1                 
80004248 80004248        0     1                 
80004248 80004248        0     1                 .LBB0_39
80004280 80004280        0     1                 .LBB0_41
80004290 80004290        0     1                 
800042a8 800042a8        0     1                 .LBB0_42
800042c0 800042c0        0     1                 
800042c8 800042c8        0     1                 .LBB0_52
800042e0 800042e0        0     1                 
800042e0 800042e0        0     1                 .LBB0_54
800042e8 800042e8        0     1                 
800042f0 800042f0        0     1                 
80004318 80004318        0     1                 
80004318 80004318       60     1         /home/dushuai/upmem-2025.1.0-Linux-x86_64/bin/../share/upmem/include/built-in/v1A/librt_v1A.a(stdio.c.obj):(.text.__write_byte_and_flush_if_needed)
80004318 80004318        0     1                 
80004318 80004318        0     1                 
80004318 80004318        0     1                 
80004318 80004318       60     1                 __write_byte_and_flush_if_needed
80004358 80004358        0     1                 
80004368 80004368        0     1                 .LBB1_2
80004378 80004378        0     1                 
80004378 80004378       40     1         /home/dushuai/upmem-2025.1.0-Linux-x86_64/bin/../share/upmem/include/built-in/v1A/librt_v1A.a(stdio.c.obj):(.text.__open_print_sequence)
80004378 80004378        0     1                 
80004378 80004378        0     1                 
80004378 80004378        0     1                 
80004378 80004378        0     1                 
80004378 80004378       40     1                 __open_print_sequence
800043b8 800043b8        0     1                 
800043b8 800043b8       80     1         /home/dushuai/upmem-2025.1.0-Linux-x86_64/bin/../share/upmem/include/built-in/v1A/librt_v1A.a(stdio.c.obj):(.text.__transfer_cache_to_mram)
800043b8 800043b8        0     1                 
800043b8 800043b8        0     1                 
800043b8 800043b8        0     1                 
800043b8 800043b8       80     1                 __transfer_cache_to_mram
80004410 80004410        0     1                 .LBB5_2
80004420 80004420        0     1                 
80004438 80004438        0     1                 
80004438 80004438       90     1         /home/dushuai/upmem-2025.1.0-Linux-x86_64/bin/../share/upmem/include/built-in/v1A/librt_v1A.a(stdio.c.obj):(.text.__finalized_print_sequence)
80004438 80004438        0     1                 
80004438 80004438        0     1                 
80004438 80004438        0     1                 
80004438 80004438       90     1                 __finalized_print_sequence
80004478 80004478        0     1                 
80004480 80004480        0     1                 
800044b0 800044b0        0     1                 .LBB6_3
800044b8 800044b8        0     1                 .LBB6_4
800044c8 800044c8        0     1                 
800044c8 800044c8       10     1         /home/dushuai/upmem-2025.1.0-Linux-x86_64/bin/../share/upmem/include/built-in/v1A/librt_v1A.a(stdio.c.obj):(.text.__close_print_sequence)
800044c8 800044c8        0     1                 
800044c8 800044c8        0     1                 
800044c8 800044c8        0     1                 
800044c8 800044c8        0     1                 
800044c8 800044c8       10     1                 __close_print_sequence
800044d8 800044d8        0     1                 
800044d8 800044d8       f8     1         /home/dushuai/upmem-2025.1.0-Linux-x86_64/bin/../share/upmem/include/built-in/v1A/librt_v1A.a(barrier.c.obj):(.text.barrier_wait)
800044d8 800044d8        0     1                 
800044d8 800044d8        0     1                 
800044d8 800044d8        0     1                 
800044d8 800044d8       f8     1                 barrier_wait
800044e0 800044e0        0     1                 
80004528 80004528        0     1                 .LBB0_9
80004540 80004540        0     1                 
80004558 80004558        0     1                 .LBB0_1
80004570 80004570        0     1                 
80004570 80004570        0     1                 .LBB0_3
80004590 80004590        0     1                 
80004590 80004590        0     1                 .LBB0_4
800045b0 800045b0        0     1                 
800045b0 800045b0        0     1                 .LBB0_5
800045c0 800045c0        0     1                 .LBB0_7
800045d0 800045d0      448     1         /home/dushuai/upmem-2025.1.0-Linux-x86_64/bin/../share/upmem/include/built-in/v1A/librt_v1A.a(divsf3.c.obj):(.text.__divsf3)
800045d0 800045d0        0     1                 
800045d0 800045d0        0     1                 
800045d0 800045d0        0     1                 
800045d0 800045d0      448     1                 __divsf3
800045e0 800045e0        0     1                 
80004668 80004668        0     1                 .LBB0_2
800046c0 800046c0        0     1                 
800046e0 800046e0        0     1                 
80004720 80004720        0     1                 
80004740 80004740        0     1                 
80004780 80004780        0     1                 
800047a0 800047a0        0     1                 
800047e8 800047e8        0     1                 
80004820 80004820        0     1                 
80004840 80004840        0     1                 .LBB0_6
80004868 80004868        0     1                 .LBB0_8
80004890 80004890        0     1                 
800048a8 800048a8        0     1                 .LBB0_16
800048b8 800048b8        0     1                 .LBB0_4
800048c0 800048c0        0     1                 .LBB0_18
800048c8 800048c8        0     1                 .LBB0_10
800048e8 800048e8        0     1                 
800048e8 800048e8        0     1                 .LBB0_12
80004920 80004920        0     1                 .LBB0_13
80004950 80004950        0     1                 .LBB0_14
80004978 80004978        0     1                 .LBB0_17
800049b0 800049b0        0     1                 .LBB0_23
800049c8 800049c8        0     1                 .LBB0_25
800049d8 800049d8        0     1                 
80004a00 80004a00        0     1                 .LBB0_27
80004a18 80004a18      178     1         /home/dushuai/upmem-2025.1.0-Linux-x86_64/bin/../share/upmem/include/built-in/v1A/librt_v1A.a(extendsfdf2.c.obj):(.text.__extendsfdf2)
80004a18 80004a18        0     1                 
80004a18 80004a18        0     1                 
80004a18 80004a18        0     1                 
80004a18 80004a18      178     1                 __extendsfdf2
80004a70 80004a70        0     1                 .LBB0_2
80004ab8 80004ab8        0     1                 .LBB0_4
80004ac0 80004ac0        0     1                 
80004af8 80004af8        0     1                 .LBB0_5
80004b08 80004b08        0     1                 .LBB0_8
80004b18 80004b18        0     1                 .LBB0_9
80004b58 80004b58        0     1                 .LBB0_10
80004b90 80004b90      230     1         /home/dushuai/upmem-2025.1.0-Linux-x86_64/bin/../share/upmem/include/built-in/v1A/librt_v1A.a(floatundisf.c.obj):(.text.__floatundisf)
80004b90 80004b90        0     1                 
80004b90 80004b90        0     1                 
80004b90 80004b90        0     1                 
80004b90 80004b90      230     1                 __floatundisf
80004ba8 80004ba8        0     1                 .LBB0_24
80004bc0 80004bc0        0     1                 .LBB0_4
80004c00 80004c00        0     1                 .LBB0_1
80004c10 80004c10        0     1                 .LBB0_18
80004c38 80004c38        0     1                 .LBB0_20
80004c48 80004c48        0     1                 .LBB0_8
80004c88 80004c88        0     1                 .LBB0_13
80004c98 80004c98        0     1                 .LBB0_10
80004cb0 80004cb0        0     1                 .LBB0_12
80004cc8 80004cc8        0     1                 .LBB0_14
80004cf8 80004cf8        0     1                 .LBB0_15
80004d80 80004d80        0     1                 .LBB0_17
80004da0 80004da0        0     1                 .LBB0_21
80004dc0 80004dc0       c8     1         /home/dushuai/upmem-2025.1.0-Linux-x86_64/bin/../share/upmem/include/built-in/v1A/librt_v1A.a(floatunsisf.c.obj):(.text.__floatunsisf)
80004dc0 80004dc0        0     1                 
80004dc0 80004dc0        0     1                 
80004dc0 80004dc0        0     1                 
80004dc0 80004dc0       c8     1                 __floatunsisf
80004de0 80004de0        0     1                 
80004e00 80004e00        0     1                 .LBB0_1
80004e10 80004e10        0     1                 
80004e10 80004e10        0     1                 .LBB0_4
80004e68 80004e68        0     1                 .LBB0_6
80004e70 80004e70        0     1                 .LBB0_7
80004e88 80004e88      140     1         /home/dushuai/upmem-2025.1.0-Linux-x86_64/bin/../share/upmem/include/built-in/v1A/librt_v1A.a(mul32.c.obj):(.text.__mulsi3)
80004e88 80004e88        0     1                 
80004e88 80004e88        0     1                 
80004e88 80004e88        0     1                 
80004e88 80004e88      140     1                 __mulsi3
80004ea0 80004ea0        0     1                 __mulsi3_swap
80004eb0 80004eb0        0     1                 __mulsi3_start
80004fb8 80004fb8        0     1                 __mulsi3_exit
80004fc8 80004fc8      3d8     1         /home/dushuai/upmem-2025.1.0-Linux-x86_64/bin/../share/upmem/include/built-in/v1A/librt_v1A.a(mul64.c.obj):(.text.__muldi3)
80004fc8 80004fc8        0     1                 
80004fc8 80004fc8        0     1                 
80004fc8 80004fc8        0     1                 
80004fc8 80004fc8      3d8     1                 __muldi3
80004fd8 80004fd8        0     1                 
80004fe8 80004fe8        0     1                 
80004ff8 80004ff8        0     1                 
80005028 80005028        0     1                 
80005040 80005040        0     1                 
80005058 80005058        0     1                 
800050a0 800050a0        0     1                 
800050b0 800050b0        0     1                 
800050c8 800050c8        0     1                 
800050e0 800050e0        0     1                 
80005118 80005118        0     1                 
80005128 80005128        0     1                 
80005140 80005140        0     1                 
80005158 80005158        0     1                 
80005170 80005170        0     1                 
80005188 80005188        0     1                 
80005198 80005198        0     1                 
800051b0 800051b0        0     1                 
800051c8 800051c8        0     1                 
800051e0 800051e0        0     1                 
800051f8 800051f8        0     1                 
80005220 80005220        0     1                 
80005238 80005238        0     1                 
80005250 80005250        0     1                 
80005268 80005268        0     1                 
80005278 80005278        0     1                 
80005288 80005288        0     1                 
80005298 80005298        0     1                 
800052b0 800052b0        0     1                 
800052c0 800052c0        0     1                 
800052d8 800052d8        0     1                 
800052f0 800052f0        0     1                 
80005308 80005308        0     1                 
80005318 80005318        0     1                 
80005328 80005328        0     1                 
80005338 80005338        0     1                 
800053a0 800053a0       30     1         /home/dushuai/upmem-2025.1.0-Linux-x86_64/bin/../share/upmem/include/built-in/v1A/librt_v1A.a(perfcounter.c.obj):(.text.perfcounter_get)
800053a0 800053a0        0     1                 
800053a0 800053a0        0     1                 
800053a0 800053a0        0     1                 
800053a0 800053a0       30     1                 perfcounter_get
800053d0 800053d0        0     1                 
800053d0 800053d0       50     1         /home/dushuai/upmem-2025.1.0-Linux-x86_64/bin/../share/upmem/include/built-in/v1A/librt_v1A.a(perfcounter.c.obj):(.text.perfcounter_config)
800053d0 800053d0        0     1                 
800053d0 800053d0        0     1                 
800053d0 800053d0        0     1                 
800053d0 800053d0       50     1                 perfcounter_config
80005418 80005418        0     1                 .LBB1_1
80005420 80005420        0     1                 
f0000000 f0000000       ca     1 .atomic
f0000000 f0000000        0     1         __atomic_start_addr = .
f0000000 f0000000       c8     1         . += DPU_ATOMIC_DISPLACEMENT
f00000c8 f00000c8        0     1         __atomic_used_addr = .
f00000c8 f00000c8        1     1         /tmp/B+Tree-518565.o:(.atomic)
f00000c8 f00000c8        1     1                 __atomic_bit_barrier_init_barrier
f00000c9 f00000c9        1     1         /home/dushuai/upmem-2025.1.0-Linux-x86_64/bin/../share/upmem/include/built-in/v1A/librt_v1A.a(stdio.c.obj):(.atomic)
f00000c9 f00000c9        1     1                 __atomic_bit___stdout_buffer_lock
f00000ca f00000ca        0     1         __atomic_end_addr = ( ORIGIN ( atomic ) + LENGTH ( atomic ) )
       0        0     44d0     8 .data
       0        0        8     8         /home/dushuai/upmem-2025.1.0-Linux-x86_64/bin/../share/upmem/include/misc/v1A/crt0.o:(.data.__sys_zero)
       0        0        8     1                 __sys_null_pointer
       8        8        8     1         . += MAX ( 8 , . )
      10       10        8     8         /home/dushuai/upmem-2025.1.0-Linux-x86_64/bin/../share/upmem/include/built-in/v1A/librt_v1A.a(stdio.c.obj):(.data.immediate_memory.__stdout_buffer_state)
      10       10        8     1                 __stdout_buffer_state
      18       18        0     1         HIDDEN ( __imm_mem_end = . )
      18       18        0     1         
      18       18        0     1         __rodata_start_addr = .
      18       18       70     1         <internal>:(.data)
      88       88       bc     4         /home/dushuai/upmem-2025.1.0-Linux-x86_64/bin/../share/upmem/include/built-in/v1A/librt_v1A.a(stdio.c.obj):(.rodata.printf)
      88       88        0     1                 .LJTI0_0
     144      144        0     1         __rodata_end_addr = .
     144      144        8     4         /tmp/B+Tree-518565.o:(.bss.global_tree)
     144      144        8     1                 global_tree
     150      150     1900     8         /tmp/B+Tree-518565.o:(.bss.thread_data)
     150      150     1900     1                 thread_data
    1a50     1a50     2840     4         /tmp/B+Tree-518565.o:(.bss.thread_forests)
    1a50     1a50     2840     1                 thread_forests
    4290     4290       80     8         /tmp/B+Tree-518565.o:(.bss.local_queries)
    4290     4290       80     1                 local_queries
    4310     4310       44     4         /tmp/B+Tree-518565.o:(.bss.split_keys)
    4310     4310       44     1                 split_keys
    4354     4354       40     4         /tmp/B+Tree-518565.o:(.bss.partition_start)
    4354     4354       40     1                 partition_start
    4394     4394       40     4         /tmp/B+Tree-518565.o:(.bss.partition_end)
    4394     4394       40     1                 partition_end
    43d4     43d4        4     4         /home/dushuai/upmem-2025.1.0-Linux-x86_64/bin/../share/upmem/include/built-in/v1A/librt_v1A.a(stdio.c.obj):(.bss.__stdout_cache_write_index)
    43d4     43d4        4     1                 __stdout_cache_write_index
    43d8     43d8        4     4         /home/dushuai/upmem-2025.1.0-Linux-x86_64/bin/../share/upmem/include/built-in/v1A/librt_v1A.a(stdio.c.obj):(.bss.__stdout_nr_of_wrapping)
    43d8     43d8        4     1                 __stdout_nr_of_wrapping
    43dc     43dc        4     4         /home/dushuai/upmem-2025.1.0-Linux-x86_64/bin/../share/upmem/include/built-in/v1A/librt_v1A.a(stdio.c.obj):(.bss.__stdout_buffer_write_pointer_initial)
    43dc     43dc        4     1                 __stdout_buffer_write_pointer_initial
    43e0     43e0        8     8         /home/dushuai/upmem-2025.1.0-Linux-x86_64/bin/../share/upmem/include/built-in/v1A/librt_v1A.a(stdio.c.obj):(.bss.__stdout_cache_buffer)
    43e0     43e0        8     1                 __stdout_cache_buffer
    43e8     43e8       c0     8         /home/dushuai/upmem-2025.1.0-Linux-x86_64/bin/../share/upmem/include/misc/v1A/crt0.o:(.data.__sys_keep)
    43e8     43e8       c0     1                 __sys_thread_stack_table_ptr
    44a8     44a8        4     4         /tmp/B+Tree-518565.o:(.data.init_barrier)
    44a8     44a8        4     1                 init_barrier
    44ac     44ac        4     4         /tmp/B+Tree-518565.o:(.data.mram_heap_start)
    44ac     44ac        4     1                 mram_heap_start
    44b0     44b0        4     4         /home/dushuai/upmem-2025.1.0-Linux-x86_64/bin/../share/upmem/include/built-in/v1A/librt_v1A.a(stdio.c.obj):(.data.__stdout_buffer_size)
    44b0     44b0        4     1                 __stdout_buffer_size
    44b4     44b4       18     1         /home/dushuai/upmem-2025.1.0-Linux-x86_64/bin/../share/upmem/include/built-in/v1A/librt_v1A.a(waitqueue.c.obj):(.data.__sys_wq_table)
    44b4     44b4       18     1                 __sys_wq_table
    44cc     44cc        4     1         . = ALIGN ( 8 )
    44d0     44d0        c     8 .data.__sys_host
    44d0     44d0        0     1         . = ALIGN ( 8 )
    44d0     44d0        c     8         /home/dushuai/upmem-2025.1.0-Linux-x86_64/bin/../share/upmem/include/misc/v1A/crt0.o:(.dpu_host)
    44d0     44d0        4     1                 CLOCKS_PER_SEC
    44d8     44d8        4     1                 error_storage
    44dc     44dc        0     1 .data.__sys_profiling
    44dc     44dc        0     1         . = ALIGN ( 4 )
    44dc     44dc     8004     1 .data.stacks
    44dc     44dc        0     1         
    44dc     44dc        0     1         
    44dc     44dc        0     1         
    44dc     44dc        0     1         
    44dc     44dc        0     1         
    44dc     44dc        0     1         
    44dc     44dc        0     1         
    44dc     44dc        0     1         
    44dc     44dc        0     1         
    44dc     44dc        0     1         
    44dc     44dc        0     1         
    44dc     44dc        0     1         
    44dc     44dc        0     1         
    44dc     44dc        0     1         
    44dc     44dc        0     1         
    44dc     44dc        0     1         
    44dc     44dc        0     1         
    44dc     44dc        0     1         
    44dc     44dc        0     1         
    44dc     44dc        0     1         
    44dc     44dc        0     1         
    44dc     44dc        0     1         
    44dc     44dc        0     1         
    44dc     44dc        0     1         
    44dc     44dc        0     1         
    44dc     44dc        0     1         
    44dc     44dc        0     1         
    44dc     44dc        0     1         
    44dc     44dc        0     1         
    44dc     44dc        0     1         
    44dc     44dc        0     1         
    44dc     44dc        0     1         
    44dc     44dc        0     1         
    44dc     44dc        0     1         
    44dc     44dc        0     1         
    44dc     44dc        0     1         
    44dc     44dc        0     1         
    44dc     44dc        0     1         
    44dc     44dc        0     1         
    44dc     44dc        0     1         
    44dc     44dc        0     1         
    44dc     44dc        0     1         
    44dc     44dc        0     1         
    44dc     44dc        0     1         
    44dc     44dc        0     1         
    44dc     44dc        0     1         
    44dc     44dc        0     1         
    44dc     44dc        0     1         
    44dc     44dc        0     1         
    44dc     44dc        4     1         . = ALIGN ( 8 )
    44e0     44e0        0     1         __sys_stack_thread_0 = .
    44e0     44e0      800     1         . += STACK_SIZE_TASKLET_0
    4ce0     4ce0        0     1         __sys_stack_thread_1 = .
    4ce0     4ce0      800     1         . += STACK_SIZE_TASKLET_1
    54e0     54e0        0     1         __sys_stack_thread_2 = .
    54e0     54e0      800     1         . += STACK_SIZE_TASKLET_2
    5ce0     5ce0        0     1         __sys_stack_thread_3 = .
    5ce0     5ce0      800     1         . += STACK_SIZE_TASKLET_3
    64e0     64e0        0     1         __sys_stack_thread_4 = .
    64e0     64e0      800     1         . += STACK_SIZE_TASKLET_4
    6ce0     6ce0        0     1         __sys_stack_thread_5 = .
    6ce0     6ce0      800     1         . += STACK_SIZE_TASKLET_5
    74e0     74e0        0     1         __sys_stack_thread_6 = .
    74e0     74e0      800     1         . += STACK_SIZE_TASKLET_6
    7ce0     7ce0        0     1         __sys_stack_thread_7 = .
    7ce0     7ce0      800     1         . += STACK_SIZE_TASKLET_7
    84e0     84e0        0     1         __sys_stack_thread_8 = .
    84e0     84e0      800     1         . += STACK_SIZE_TASKLET_8
    8ce0     8ce0        0     1         __sys_stack_thread_9 = .
    8ce0     8ce0      800     1         . += STACK_SIZE_TASKLET_9
    94e0     94e0        0     1         __sys_stack_thread_10 = .
    94e0     94e0      800     1         . += STACK_SIZE_TASKLET_10
    9ce0     9ce0        0     1         __sys_stack_thread_11 = .
    9ce0     9ce0      800     1         . += STACK_SIZE_TASKLET_11
    a4e0     a4e0        0     1         __sys_stack_thread_12 = .
    a4e0     a4e0      800     1         . += STACK_SIZE_TASKLET_12
    ace0     ace0        0     1         __sys_stack_thread_13 = .
    ace0     ace0      800     1         . += STACK_SIZE_TASKLET_13
    b4e0     b4e0        0     1         __sys_stack_thread_14 = .
    b4e0     b4e0      800     1         . += STACK_SIZE_TASKLET_14
    bce0     bce0        0     1         __sys_stack_thread_15 = .
    bce0     bce0      800     1         . += STACK_SIZE_TASKLET_15
    c4e0     c4e0        0     1         __sys_stack_thread_16 = .
    c4e0     c4e0        0     1         . += STACK_SIZE_TASKLET_16
    c4e0     c4e0        0     1         __sys_stack_thread_17 = .
    c4e0     c4e0        0     1         . += STACK_SIZE_TASKLET_17
    c4e0     c4e0        0     1         __sys_stack_thread_18 = .
    c4e0     c4e0        0     1         . += STACK_SIZE_TASKLET_18
    c4e0     c4e0        0     1         __sys_stack_thread_19 = .
    c4e0     c4e0        0     1         . += STACK_SIZE_TASKLET_19
    c4e0     c4e0        0     1         __sys_stack_thread_20 = .
    c4e0     c4e0        0     1         . += STACK_SIZE_TASKLET_20
    c4e0     c4e0        0     1         __sys_stack_thread_21 = .
    c4e0     c4e0        0     1         . += STACK_SIZE_TASKLET_21
    c4e0     c4e0        0     1         __sys_stack_thread_22 = .
    c4e0     c4e0        0     1         . += STACK_SIZE_TASKLET_22
    c4e0     c4e0        0     1         __sys_stack_thread_23 = .
    c4e0     c4e0        0     1         . += STACK_SIZE_TASKLET_23
    c4e0     c4e0        0     1         . = ALIGN ( 8 )
    c4e0     c4e0       80     1 .data.sw_cache
    c4e0     c4e0        0     1         . = ALIGN ( 8 )
    c4e0     c4e0        0     1         __sw_cache_buffer = .
    c4e0     c4e0       80     1         . += 8 * NR_TASKLETS
    c560     c560        0     1 .data.heap_pointer_reset
    c560     c560        0     1         . = ALIGN ( 8 )
 8000000  8000000   8a1208     8 .mram.noinit
 8000000  8000000   7a1208     8         /tmp/B+Tree-518565.o:(.mram.noinit.keep)
 8000000  8000000   7a1200     1                 query_buffer
 87a1200  87a1200        8     1                 nr_queries
 87a1208  87a1208   100000     8         /home/dushuai/upmem-2025.1.0-Linux-x86_64/bin/../share/upmem/include/built-in/v1A/librt_v1A.a(stdio.c.obj):(.mram.noinit)
 87a1208  87a1208   100000     1                 __stdout_buffer
 88a1208  88a1208        0     1 .mram
 88a1208  88a1208        0     1         . = ALIGN ( 8 )
 88a1208  88a1208        0     1         __sys_used_mram_end = .
 88a1208  88a1208        0     1 
 88a1208  88a1208        0     1 
 88a1208  88a1208        0     1 
 88a1208  88a1208        0     1 
 88a1208  88a1208        0     1 
 88a1208  88a1208        0     1 
 88a1208  88a1208        0     1 
 88a1208  88a1208        0     1 
 88a1208  88a1208        0     1 
 88a1208  88a1208        0     1 
 88a1208  88a1208        0     1 
 88a1208  88a1208        0     1 
 88a1208  88a1208        0     1 
 88a1208  88a1208        0     1 
 88a1208  88a1208        0     1 
 88a1208  88a1208        0     1 
 88a1208  88a1208        0     1 
 88a1208  88a1208        0     1 
 88a1208  88a1208        0     1 
 88a1208  88a1208        0     1 
 88a1208  88a1208        0     1 
 88a1208  88a1208        0     1 
 88a1208  88a1208        0     1 
 88a1208  88a1208        0     1 
 88a1208  88a1208        0     1 
 88a1208  88a1208        0     1 
 88a1208  88a1208        0     1 
 88a1208  88a1208        0     1 
 88a1208  88a1208        0     1 
 88a1208  88a1208        0     1 
       0        0       89     1 .stack_sizes
       0        0        5     1         /home/dushuai/upmem-2025.1.0-Linux-x86_64/bin/../share/upmem/include/built-in/v1A/librt_v1A.a(stdio.c.obj):(.stack_sizes)
       5        5        5     1         /home/dushuai/upmem-2025.1.0-Linux-x86_64/bin/../share/upmem/include/misc/v1A/crt0.o:(.stack_sizes)
       a        a        6     1         /tmp/B+Tree-518565.o:(.stack_sizes)
      10       10        6     1         /tmp/B+Tree-518565.o:(.stack_sizes)
      16       16        6     1         /tmp/B+Tree-518565.o:(.stack_sizes)
      1c       1c        6     1         /tmp/B+Tree-518565.o:(.stack_sizes)
      22       22        6     1         /tmp/B+Tree-518565.o:(.stack_sizes)
      28       28        6     1         /tmp/B+Tree-518565.o:(.stack_sizes)
      2e       2e        6     1         /tmp/B+Tree-518565.o:(.stack_sizes)
      34       34        5     1         /home/dushuai/upmem-2025.1.0-Linux-x86_64/bin/../share/upmem/include/built-in/v1A/librt_v1A.a(memcpy.c.obj):(.stack_sizes)
      39       39        5     1         /home/dushuai/upmem-2025.1.0-Linux-x86_64/bin/../share/upmem/include/built-in/v1A/librt_v1A.a(memset.c.obj):(.stack_sizes)
      3e       3e        5     1         /home/dushuai/upmem-2025.1.0-Linux-x86_64/bin/../share/upmem/include/built-in/v1A/librt_v1A.a(memset.c.obj):(.stack_sizes)
      43       43        5     1         /home/dushuai/upmem-2025.1.0-Linux-x86_64/bin/../share/upmem/include/built-in/v1A/librt_v1A.a(stdio.c.obj):(.stack_sizes)
      48       48        5     1         /home/dushuai/upmem-2025.1.0-Linux-x86_64/bin/../share/upmem/include/built-in/v1A/librt_v1A.a(stdio.c.obj):(.stack_sizes)
      4d       4d        5     1         /home/dushuai/upmem-2025.1.0-Linux-x86_64/bin/../share/upmem/include/built-in/v1A/librt_v1A.a(stdio.c.obj):(.stack_sizes)
      52       52        5     1         /home/dushuai/upmem-2025.1.0-Linux-x86_64/bin/../share/upmem/include/built-in/v1A/librt_v1A.a(stdio.c.obj):(.stack_sizes)
      57       57        5     1         /home/dushuai/upmem-2025.1.0-Linux-x86_64/bin/../share/upmem/include/built-in/v1A/librt_v1A.a(stdio.c.obj):(.stack_sizes)
      5c       5c        5     1         /home/dushuai/upmem-2025.1.0-Linux-x86_64/bin/../share/upmem/include/built-in/v1A/librt_v1A.a(barrier.c.obj):(.stack_sizes)
      61       61        5     1         /home/dushuai/upmem-2025.1.0-Linux-x86_64/bin/../share/upmem/include/built-in/v1A/librt_v1A.a(divsf3.c.obj):(.stack_sizes)
      66       66        5     1         /home/dushuai/upmem-2025.1.0-Linux-x86_64/bin/../share/upmem/include/built-in/v1A/librt_v1A.a(extendsfdf2.c.obj):(.stack_sizes)
      6b       6b        5     1         /home/dushuai/upmem-2025.1.0-Linux-x86_64/bin/../share/upmem/include/built-in/v1A/librt_v1A.a(floatundisf.c.obj):(.stack_sizes)
      70       70        5     1         /home/dushuai/upmem-2025.1.0-Linux-x86_64/bin/../share/upmem/include/built-in/v1A/librt_v1A.a(floatunsisf.c.obj):(.stack_sizes)
      75       75        5     1         /home/dushuai/upmem-2025.1.0-Linux-x86_64/bin/../share/upmem/include/built-in/v1A/librt_v1A.a(mul32.c.obj):(.stack_sizes)
      7a       7a        5     1         /home/dushuai/upmem-2025.1.0-Linux-x86_64/bin/../share/upmem/include/built-in/v1A/librt_v1A.a(mul64.c.obj):(.stack_sizes)
      7f       7f        5     1         /home/dushuai/upmem-2025.1.0-Linux-x86_64/bin/../share/upmem/include/built-in/v1A/librt_v1A.a(perfcounter.c.obj):(.stack_sizes)
      84       84        5     1         /home/dushuai/upmem-2025.1.0-Linux-x86_64/bin/../share/upmem/include/built-in/v1A/librt_v1A.a(perfcounter.c.obj):(.stack_sizes)
       0        0     4d31     1 .debug_loc
       0        0     327c     1         /tmp/B+Tree-518565.o:(.debug_loc)
       0        0        0     1                 
      1b       1b        0     1                 
      36       36        0     1                 
      51       51        0     1                 
      6c       6c        0     1                 
      87       87        0     1                 
      a2       a2        0     1                 
      bd       bd        0     1                 
      d8       d8        0     1                 
      f3       f3        0     1                 
     111      111        0     1                 
     12c      12c        0     1                 
     152      152        0     1                 
     16d      16d        0     1                 
     188      188        0     1                 
     1a3      1a3        0     1                 
     1be      1be        0     1                 
     1dc      1dc        0     1                 
     1f7      1f7        0     1                 
     21d      21d        0     1                 
     238      238        0     1                 
     274      274        0     1                 
     29a      29a        0     1                 
     2d6      2d6        0     1                 
     307      307        0     1                 
     32d      32d        0     1                 
     348      348        0     1                 
     3a9      3a9        0     1                 
     3f0      3f0        0     1                 
     442      442        0     1                 
     473      473        0     1                 
     48e      48e        0     1                 
     4b4      4b4        0     1                 
     4cf      4cf        0     1                 
     4f7      4f7        0     1                 
     512      512        0     1                 
     52d      52d        0     1                 
     54b      54b        0     1                 
     566      566        0     1                 
     584      584        0     1                 
     59f      59f        0     1                 
     5ba      5ba        0     1                 
     5d8      5d8        0     1                 
     5f3      5f3        0     1                 
     626      626        0     1                 
     657      657        0     1                 
     67f      67f        0     1                 
     6e0      6e0        0     1                 
     708      708        0     1                 
     730      730        0     1                 
     779      779        0     1                 
     79f      79f        0     1                 
     7c5      7c5        0     1                 
     7f6      7f6        0     1                 
     81e      81e        0     1                 
     846      846        0     1                 
     86e      86e        0     1                 
     889      889        0     1                 
     8a4      8a4        0     1                 
     8e4      8e4        0     1                 
     920      920        0     1                 
     946      946        0     1                 
     961      961        0     1                 
     97c      97c        0     1                 
     9b8      9b8        0     1                 
     9de      9de        0     1                 
     9f9      9f9        0     1                 
     a14      a14        0     1                 
     a2f      a2f        0     1                 
     a4a      a4a        0     1                 
     a70      a70        0     1                 
     a8b      a8b        0     1                 
     aa6      aa6        0     1                 
     ac1      ac1        0     1                 
     adc      adc        0     1                 
     af7      af7        0     1                 
     b15      b15        0     1                 
     b30      b30        0     1                 
     b4b      b4b        0     1                 
     b68      b68        0     1                 
     b83      b83        0     1                 
     b9e      b9e        0     1                 
     bc6      bc6        0     1                 
     be1      be1        0     1                 
     bfc      bfc        0     1                 
     c19      c19        0     1                 
     c4c      c4c        0     1                 
     c67      c67        0     1                 
     c84      c84        0     1                 
     c9f      c9f        0     1                 
     cba      cba        0     1                 
     cd5      cd5        0     1                 
     cf0      cf0        0     1                 
     d0b      d0b        0     1                 
     d3c      d3c        0     1                 
     d6d      d6d        0     1                 
     d9e      d9e        0     1                 
     dcf      dcf        0     1                 
     dea      dea        0     1                 
     e05      e05        0     1                 
     e20      e20        0     1                 
     e3e      e3e        0     1                 
     e59      e59        0     1                 
     e74      e74        0     1                 
     e91      e91        0     1                 
     eac      eac        0     1                 
     ec7      ec7        0     1                 
     eef      eef        0     1                 
     f0a      f0a        0     1                 
     f27      f27        0     1                 
     f5a      f5a        0     1                 
     f75      f75        0     1                 
     f90      f90        0     1                 
     fab      fab        0     1                 
     fc8      fc8        0     1                 
     ff9      ff9        0     1                 
    101f     101f        0     1                 
    1045     1045        0     1                 
    1060     1060        0     1                 
    107b     107b        0     1                 
    1096     1096        0     1                 
    10b4     10b4        0     1                 
    10cf     10cf        0     1                 
    10ed     10ed        0     1                 
    1108     1108        0     1                 
    1123     1123        0     1                 
    1141     1141        0     1                 
    115c     115c        0     1                 
    1182     1182        0     1                 
    11a8     11a8        0     1                 
    11e8     11e8        0     1                 
    1213     1213        0     1                 
    122e     122e        0     1                 
    1249     1249        0     1                 
    126f     126f        0     1                 
    1295     1295        0     1                 
    12d5     12d5        0     1                 
    12fb     12fb        0     1                 
    1321     1321        0     1                 
    133c     133c        0     1                 
    1358     1358        0     1                 
    1374     1374        0     1                 
    139a     139a        0     1                 
    13c0     13c0        0     1                 
    13db     13db        0     1                 
    13f6     13f6        0     1                 
    142b     142b        0     1                 
    1446     1446        0     1                 
    1463     1463        0     1                 
    1483     1483        0     1                 
    149e     149e        0     1                 
    14d3     14d3        0     1                 
    14ee     14ee        0     1                 
    151b     151b        0     1                 
    1536     1536        0     1                 
    155e     155e        0     1                 
    1586     1586        0     1                 
    15a1     15a1        0     1                 
    15bd     15bd        0     1                 
    15db     15db        0     1                 
    15f6     15f6        0     1                 
    1614     1614        0     1                 
    162f     162f        0     1                 
    164a     164a        0     1                 
    1668     1668        0     1                 
    1683     1683        0     1                 
    16a9     16a9        0     1                 
    16db     16db        0     1                 
    1701     1701        0     1                 
    1728     1728        0     1                 
    174e     174e        0     1                 
    1769     1769        0     1                 
    178f     178f        0     1                 
    17b5     17b5        0     1                 
    1821     1821        0     1                 
    1852     1852        0     1                 
    1879     1879        0     1                 
    1894     1894        0     1                 
    18d4     18d4        0     1                 
    18fa     18fa        0     1                 
    1936     1936        0     1                 
    1951     1951        0     1                 
    1979     1979        0     1                 
    19a1     19a1        0     1                 
    19bc     19bc        0     1                 
    19da     19da        0     1                 
    19f6     19f6        0     1                 
    1a11     1a11        0     1                 
    1a2f     1a2f        0     1                 
    1a4a     1a4a        0     1                 
    1a65     1a65        0     1                 
    1a80     1a80        0     1                 
    1ac0     1ac0        0     1                 
    1afc     1afc        0     1                 
    1b22     1b22        0     1                 
    1b3d     1b3d        0     1                 
    1b63     1b63        0     1                 
    1b8b     1b8b        0     1                 
    1bb3     1bb3        0     1                 
    1bce     1bce        0     1                 
    1be9     1be9        0     1                 
    1c0f     1c0f        0     1                 
    1c2c     1c2c        0     1                 
    1c47     1c47        0     1                 
    1c62     1c62        0     1                 
    1c88     1c88        0     1                 
    1cb0     1cb0        0     1                 
    1cd8     1cd8        0     1                 
    1cfe     1cfe        0     1                 
    1d19     1d19        0     1                 
    1d3f     1d3f        0     1                 
    1d5c     1d5c        0     1                 
    1d77     1d77        0     1                 
    1d92     1d92        0     1                 
    1dc3     1dc3        0     1                 
    1df7     1df7        0     1                 
    1e2b     1e2b        0     1                 
    1e50     1e50        0     1                 
    1e75     1e75        0     1                 
    1e90     1e90        0     1                 
    1ec5     1ec5        0     1                 
    1ef6     1ef6        0     1                 
    1f27     1f27        0     1                 
    1f42     1f42        0     1                 
    1f5f     1f5f        0     1                 
    1f94     1f94        0     1                 
    1fbf     1fbf        0     1                 
    1fe5     1fe5        0     1                 
    2000     2000        0     1                 
    202d     202d        0     1                 
    206a     206a        0     1                 
    20b1     20b1        0     1                 
    20cc     20cc        0     1                 
    20e7     20e7        0     1                 
    2102     2102        0     1                 
    2120     2120        0     1                 
    213b     213b        0     1                 
    2156     2156        0     1                 
    2174     2174        0     1                 
    218f     218f        0     1                 
    21aa     21aa        0     1                 
    21e5     21e5        0     1                 
    2200     2200        0     1                 
    2226     2226        0     1                 
    2241     2241        0     1                 
    225e     225e        0     1                 
    2279     2279        0     1                 
    2294     2294        0     1                 
    22af     22af        0     1                 
    22d8     22d8        0     1                 
    22f3     22f3        0     1                 
    2319     2319        0     1                 
    2334     2334        0     1                 
    2351     2351        0     1                 
    236c     236c        0     1                 
    2387     2387        0     1                 
    23ad     23ad        0     1                 
    23d5     23d5        0     1                 
    23f0     23f0        0     1                 
    2439     2439        0     1                 
    2456     2456        0     1                 
    2471     2471        0     1                 
    2491     2491        0     1                 
    24b0     24b0        0     1                 
    24cb     24cb        0     1                 
    24ea     24ea        0     1                 
    251b     251b        0     1                 
    2536     2536        0     1                 
    255c     255c        0     1                 
    2586     2586        0     1                 
    25a1     25a1        0     1                 
    25bc     25bc        0     1                 
    25d7     25d7        0     1                 
    25f2     25f2        0     1                 
    260d     260d        0     1                 
    262b     262b        0     1                 
    2646     2646        0     1                 
    2664     2664        0     1                 
    267f     267f        0     1                 
    26a5     26a5        0     1                 
    26f2     26f2        0     1                 
    272e     272e        0     1                 
    2770     2770        0     1                 
    278b     278b        0     1                 
    27d2     27d2        0     1                 
    28b2     28b2        0     1                 
    28cd     28cd        0     1                 
    28e8     28e8        0     1                 
    29d5     29d5        0     1                 
    29f4     29f4        0     1                 
    2a30     2a30        0     1                 
    2a4b     2a4b        0     1                 
    2a66     2a66        0     1                 
    2a8c     2a8c        0     1                 
    2ac1     2ac1        0     1                 
    2adc     2adc        0     1                 
    2af7     2af7        0     1                 
    2b12     2b12        0     1                 
    2b2d     2b2d        0     1                 
    2b48     2b48        0     1                 
    2b64     2b64        0     1                 
    2b90     2b90        0     1                 
    2bab     2bab        0     1                 
    2bd3     2bd3        0     1                 
    2bf9     2bf9        0     1                 
    2c1f     2c1f        0     1                 
    2c3e     2c3e        0     1                 
    2c71     2c71        0     1                 
    2c99     2c99        0     1                 
    2cc5     2cc5        0     1                 
    2ceb     2ceb        0     1                 
    2d06     2d06        0     1                 
    2d21     2d21        0     1                 
    2d52     2d52        0     1                 
    2d6d     2d6d        0     1                 
    2d9e     2d9e        0     1                 
    2db9     2db9        0     1                 
    2dd4     2dd4        0     1                 
    2def     2def        0     1                 
    2e0a     2e0a        0     1                 
    2e25     2e25        0     1                 
    2e40     2e40        0     1                 
    2e5e     2e5e        0     1                 
    2e79     2e79        0     1                 
    2e97     2e97        0     1                 
    2eb2     2eb2        0     1                 
    2ed8     2ed8        0     1                 
    2f00     2f00        0     1                 
    2f3c     2f3c        0     1                 
    2f59     2f59        0     1                 
    2f79     2f79        0     1                 
    2f9f     2f9f        0     1                 
    2fd0     2fd0        0     1                 
    2ff6     2ff6        0     1                 
    301c     301c        0     1                 
    304d     304d        0     1                 
    3089     3089        0     1                 
    30c5     30c5        0     1                 
    30e0     30e0        0     1                 
    30fb     30fb        0     1                 
    3121     3121        0     1                 
    313c     313c        0     1                 
    3159     3159        0     1                 
    3174     3174        0     1                 
    319e     319e        0     1                 
    31c4     31c4        0     1                 
    31ea     31ea        0     1                 
    3210     3210        0     1                 
    322b     322b        0     1                 
    3246     3246        0     1                 
    3261     3261        0     1                 
    327c     327c      754     1         /home/dushuai/upmem-2025.1.0-Linux-x86_64/bin/../share/upmem/include/built-in/v1A/librt_v1A.a(memcpy.c.obj):(.debug_loc)
    327c     327c        0     1                 
    3297     3297        0     1                 
    32b2     32b2        0     1                 
    32cd     32cd        0     1                 
    32e9     32e9        0     1                 
    3304     3304        0     1                 
    331f     331f        0     1                 
    3345     3345        0     1                 
    336b     336b        0     1                 
    3386     3386        0     1                 
    33a1     33a1        0     1                 
    33bc     33bc        0     1                 
    33d7     33d7        0     1                 
    33f2     33f2        0     1                 
    340d     340d        0     1                 
    3428     3428        0     1                 
    3443     3443        0     1                 
    3469     3469        0     1                 
    348f     348f        0     1                 
    34c0     34c0        0     1                 
    34db     34db        0     1                 
    3519     3519        0     1                 
    353f     353f        0     1                 
    355a     355a        0     1                 
    3575     3575        0     1                 
    359b     359b        0     1                 
    35c1     35c1        0     1                 
    35e7     35e7        0     1                 
    3602     3602        0     1                 
[...]
    4011     4011        0     1                 
    4038     4038        0     1                 
    4060     4060        0     1                 
    407d     407d        0     1                 
    4098     4098        0     1                 
    40cb     40cb        0     1                 
    40e6     40e6        0     1                 
    410c     410c        0     1                 
    413f     413f        0     1                 
    4165     4165        0     1                 
    4180     4180        0     1                 
    419b     419b        0     1                 
    41b6     41b6       a4     1         /home/dushuai/upmem-2025.1.0-Linux-x86_64/bin/../share/upmem/include/built-in/v1A/librt_v1A.a(barrier.c.obj):(.debug_loc)
    41b6     41b6        0     1                 
    41ea     41ea        0     1                 
    4208     4208        0     1                 
    4231     4231        0     1                 
    425a     425a      477     1         /home/dushuai/upmem-2025.1.0-Linux-x86_64/bin/../share/upmem/include/built-in/v1A/librt_v1A.a(divsf3.c.obj):(.debug_loc)
    425a     425a        0     1                 
    42a4     42a4        0     1                 
    42d8     42d8        0     1                 
    430c     430c        0     1                 
    4340     4340        0     1                 
    4369     4369        0     1                 
    43f4     43f4        0     1                 
    4474     4474        0     1                 
    44df     44df        0     1                 
    4513     4513        0     1                 
    4526     4526        0     1                 
    454f     454f        0     1                 
    4578     4578        0     1                 
    45b7     45b7        0     1                 
    45eb     45eb        0     1                 
    462b     462b        0     1                 
    4654     4654        0     1                 
    4688     4688        0     1                 
    46a0     46a0        0     1                 
    46be     46be        0     1                 
    46d1     46d1      15d     1         /home/dushuai/upmem-2025.1.0-Linux-x86_64/bin/../share/upmem/include/built-in/v1A/librt_v1A.a(extendsfdf2.c.obj):(.debug_loc)
    46d1     46d1        0     1                 
    46e4     46e4        0     1                 
    46f7     46f7        0     1                 
    470a     470a        0     1                 
    4736     4736        0     1                 
    476a     476a        0     1                 
    47f9     47f9        0     1                 
    481b     481b        0     1                 
    482e     482e      16d     1         /home/dushuai/upmem-2025.1.0-Linux-x86_64/bin/../share/upmem/include/built-in/v1A/librt_v1A.a(floatundisf.c.obj):(.debug_loc)
    482e     482e        0     1                 
    48e6     48e6        0     1                 
    4915     4915        0     1                 
    4949     4949        0     1                 
    4988     4988        0     1                 
    499b     499b       b4     1         /home/dushuai/upmem-2025.1.0-Linux-x86_64/bin/../share/upmem/include/built-in/v1A/librt_v1A.a(floatunsisf.c.obj):(.debug_loc)
    499b     499b        0     1                 
    49c4     49c4        0     1                 
    49e2     49e2        0     1                 
    49f5     49f5        0     1                 
    4a29     4a29        0     1                 
    4a3c     4a3c        0     1                 
    4a4f     4a4f       26     1         /home/dushuai/upmem-2025.1.0-Linux-x86_64/bin/../share/upmem/include/built-in/v1A/librt_v1A.a(mul32.c.obj):(.debug_loc)
    4a4f     4a4f        0     1                 
    4a62     4a62        0     1                 
    4a75     4a75      215     1         /home/dushuai/upmem-2025.1.0-Linux-x86_64/bin/../share/upmem/include/built-in/v1A/librt_v1A.a(mul64.c.obj):(.debug_loc)
    4a75     4a75        0     1                 
    4a8d     4a8d        0     1                 
    4aa5     4aa5        0     1                 
    4ab8     4ab8        0     1                 
    4acb     4acb        0     1                 
    4ade     4ade        0     1                 
    4af1     4af1        0     1                 
    4b3d     4b3d        0     1                 
    4b59     4b59        0     1                 
    4b6c     4b6c        0     1                 
    4b7f     4b7f        0     1                 
    4b9d     4b9d        0     1                 
    4bbb     4bbb        0     1                 
    4bce     4bce        0     1                 
    4bec     4bec        0     1                 
    4bff     4bff        0     1                 
    4c12     4c12        0     1                 
    4c30     4c30        0     1                 
    4c4e     4c4e        0     1                 
    4c6c     4c6c        0     1                 
    4c8a     4c8a       a7     1         /home/dushuai/upmem-2025.1.0-Linux-x86_64/bin/../share/upmem/include/built-in/v1A/librt_v1A.a(perfcounter.c.obj):(.debug_loc)
    4c8a     4c8a        0     1                 
    4ca5     4ca5        0     1                 
    4ccb     4ccb        0     1                 
    4cfb     4cfb        0     1                 
    4d16     4d16        0     1                 
       0        0      f7a     1 .debug_abbrev
       0        0      3f5     1         /tmp/B+Tree-518565.o:(.debug_abbrev)
     3f5      3f5      18e     1         /home/dushuai/upmem-2025.1.0-Linux-x86_64/bin/../share/upmem/include/built-in/v1A/librt_v1A.a(memcpy.c.obj):(.debug_abbrev)
     583      583      19d     1         /home/dushuai/upmem-2025.1.0-Linux-x86_64/bin/../share/upmem/include/built-in/v1A/librt_v1A.a(memset.c.obj):(.debug_abbrev)
     720      720      205     1         /home/dushuai/upmem-2025.1.0-Linux-x86_64/bin/../share/upmem/include/built-in/v1A/librt_v1A.a(stdio.c.obj):(.debug_abbrev)
     925      925       92     1         /home/dushuai/upmem-2025.1.0-Linux-x86_64/bin/../share/upmem/include/built-in/v1A/librt_v1A.a(barrier.c.obj):(.debug_abbrev)
     9b7      9b7      102     1         /home/dushuai/upmem-2025.1.0-Linux-x86_64/bin/../share/upmem/include/built-in/v1A/librt_v1A.a(divsf3.c.obj):(.debug_abbrev)
     ab9      ab9       d9     1         /home/dushuai/upmem-2025.1.0-Linux-x86_64/bin/../share/upmem/include/built-in/v1A/librt_v1A.a(extendsfdf2.c.obj):(.debug_abbrev)
     b92      b92       85     1         /home/dushuai/upmem-2025.1.0-Linux-x86_64/bin/../share/upmem/include/built-in/v1A/librt_v1A.a(floatundisf.c.obj):(.debug_abbrev)
     c17      c17       83     1         /home/dushuai/upmem-2025.1.0-Linux-x86_64/bin/../share/upmem/include/built-in/v1A/librt_v1A.a(floatunsisf.c.obj):(.debug_abbrev)
     c9a      c9a       66     1         /home/dushuai/upmem-2025.1.0-Linux-x86_64/bin/../share/upmem/include/built-in/v1A/librt_v1A.a(mul32.c.obj):(.debug_abbrev)
     d00      d00       c3     1         /home/dushuai/upmem-2025.1.0-Linux-x86_64/bin/../share/upmem/include/built-in/v1A/librt_v1A.a(mul64.c.obj):(.debug_abbrev)
     dc3      dc3       7c     1         /home/dushuai/upmem-2025.1.0-Linux-x86_64/bin/../share/upmem/include/built-in/v1A/librt_v1A.a(perfcounter.c.obj):(.debug_abbrev)
     e3f      e3f       4a     1         /home/dushuai/upmem-2025.1.0-Linux-x86_64/bin/../share/upmem/include/built-in/v1A/librt_v1A.a(soft_cache.c.obj):(.debug_abbrev)
     e89      e89       47     1         /home/dushuai/upmem-2025.1.0-Linux-x86_64/bin/../share/upmem/include/built-in/v1A/librt_v1A.a(waitqueue.c.obj):(.debug_abbrev)
     ed0      ed0       aa     1         /home/dushuai/upmem-2025.1.0-Linux-x86_64/bin/../share/upmem/include/misc/v1A/crt0.o:(.debug_abbrev)
       0        0     5d22     1 .debug_info
       0        0     352b     1         /tmp/B+Tree-518565.o:(.debug_info)
    352b     352b      9e9     1         /home/dushuai/upmem-2025.1.0-Linux-x86_64/bin/../share/upmem/include/built-in/v1A/librt_v1A.a(memcpy.c.obj):(.debug_info)
    3f14     3f14      664     1         /home/dushuai/upmem-2025.1.0-Linux-x86_64/bin/../share/upmem/include/built-in/v1A/librt_v1A.a(memset.c.obj):(.debug_info)
    4578     4578      552     1         /home/dushuai/upmem-2025.1.0-Linux-x86_64/bin/../share/upmem/include/built-in/v1A/librt_v1A.a(stdio.c.obj):(.debug_info)
    4aca     4aca       ef     1         /home/dushuai/upmem-2025.1.0-Linux-x86_64/bin/../share/upmem/include/built-in/v1A/librt_v1A.a(barrier.c.obj):(.debug_info)
    4bb9     4bb9      2e2     1         /home/dushuai/upmem-2025.1.0-Linux-x86_64/bin/../share/upmem/include/built-in/v1A/librt_v1A.a(divsf3.c.obj):(.debug_info)
    4e9b     4e9b      2be     1         /home/dushuai/upmem-2025.1.0-Linux-x86_64/bin/../share/upmem/include/built-in/v1A/librt_v1A.a(extendsfdf2.c.obj):(.debug_info)
    5159     5159       e7     1         /home/dushuai/upmem-2025.1.0-Linux-x86_64/bin/../share/upmem/include/built-in/v1A/librt_v1A.a(floatundisf.c.obj):(.debug_info)
    5240     5240       f2     1         /home/dushuai/upmem-2025.1.0-Linux-x86_64/bin/../share/upmem/include/built-in/v1A/librt_v1A.a(floatunsisf.c.obj):(.debug_info)
    5332     5332       6f     1         /home/dushuai/upmem-2025.1.0-Linux-x86_64/bin/../share/upmem/include/built-in/v1A/librt_v1A.a(mul32.c.obj):(.debug_info)
    53a1     53a1      696     1         /home/dushuai/upmem-2025.1.0-Linux-x86_64/bin/../share/upmem/include/built-in/v1A/librt_v1A.a(mul64.c.obj):(.debug_info)
    5a37     5a37      110     1         /home/dushuai/upmem-2025.1.0-Linux-x86_64/bin/../share/upmem/include/built-in/v1A/librt_v1A.a(perfcounter.c.obj):(.debug_info)
    5b47     5b47       4b     1         /home/dushuai/upmem-2025.1.0-Linux-x86_64/bin/../share/upmem/include/built-in/v1A/librt_v1A.a(soft_cache.c.obj):(.debug_info)
    5b92     5b92       4a     1         /home/dushuai/upmem-2025.1.0-Linux-x86_64/bin/../share/upmem/include/built-in/v1A/librt_v1A.a(waitqueue.c.obj):(.debug_info)
    5bdc     5bdc      146     1         /home/dushuai/upmem-2025.1.0-Linux-x86_64/bin/../share/upmem/include/misc/v1A/crt0.o:(.debug_info)
       0        0      4b0     1 .debug_ranges
       0        0      328     1         /tmp/B+Tree-518565.o:(.debug_ranges)
       0        0        0     1                 
      18       18        0     1                 
      38       38        0     1                 
      58       58        0     1                 
      70       70        0     1                 
      88       88        0     1                 
      a0       a0        0     1                 
      b8       b8        0     1                 
      d0       d0        0     1                 
      e8       e8        0     1                 
     100      100        0     1                 
     118      118        0     1                 
     130      130        0     1                 
     148      148        0     1                 
     160      160        0     1                 
     178      178        0     1                 
     190      190        0     1                 
     1a8      1a8        0     1                 
     1c0      1c0        0     1                 
     1d8      1d8        0     1                 
     1f0      1f0        0     1                 
     208      208        0     1                 
     220      220        0     1                 
     238      238        0     1                 
     250      250        0     1                 
     268      268        0     1                 
     288      288        0     1                 
     328      328       60     1         /home/dushuai/upmem-2025.1.0-Linux-x86_64/bin/../share/upmem/include/built-in/v1A/librt_v1A.a(memcpy.c.obj):(.debug_ranges)
     328      328        0     1                 
     340      340        0     1                 
     358      358        0     1                 
     388      388       70     1         /home/dushuai/upmem-2025.1.0-Linux-x86_64/bin/../share/upmem/include/built-in/v1A/librt_v1A.a(memset.c.obj):(.debug_ranges)
     388      388        0     1                 
     3a0      3a0        0     1                 
     3b8      3b8        0     1                 
     3d0      3d0        0     1                 
     3f8      3f8       78     1         /home/dushuai/upmem-2025.1.0-Linux-x86_64/bin/../share/upmem/include/built-in/v1A/librt_v1A.a(stdio.c.obj):(.debug_ranges)
     3f8      3f8        0     1                 
     410      410        0     1                 
     428      428        0     1                 
     470      470       28     1         /home/dushuai/upmem-2025.1.0-Linux-x86_64/bin/../share/upmem/include/built-in/v1A/librt_v1A.a(divsf3.c.obj):(.debug_ranges)
     470      470        0     1                 
     498      498       18     1         /home/dushuai/upmem-2025.1.0-Linux-x86_64/bin/../share/upmem/include/built-in/v1A/librt_v1A.a(perfcounter.c.obj):(.debug_ranges)
     498      498        0     1                 
       0        0     18f1     1 .debug_str
       0        0     18f1     1         <internal>:(.debug_str)
       0        0       15     1 .dpu.attributes
       0        0       15     1         /tmp/B+Tree-518565.o:(.dpu.attributes)
       0        0      690     4 .debug_frame
       0        0      2dc     4         /tmp/B+Tree-518565.o:(.debug_frame)
       0        0        0     1                 
     2dc      2dc       d0     4         /home/dushuai/upmem-2025.1.0-Linux-x86_64/bin/../share/upmem/include/built-in/v1A/librt_v1A.a(memcpy.c.obj):(.debug_frame)
     2dc      2dc        0     1                 
     3ac      3ac       60     4         /home/dushuai/upmem-2025.1.0-Linux-x86_64/bin/../share/upmem/include/built-in/v1A/librt_v1A.a(memset.c.obj):(.debug_frame)
     3ac      3ac        0     1                 
     40c      40c      104     4         /home/dushuai/upmem-2025.1.0-Linux-x86_64/bin/../share/upmem/include/built-in/v1A/librt_v1A.a(stdio.c.obj):(.debug_frame)
     40c      40c        0     1                 
     510      510       24     4         /home/dushuai/upmem-2025.1.0-Linux-x86_64/bin/../share/upmem/include/built-in/v1A/librt_v1A.a(barrier.c.obj):(.debug_frame)
     510      510        0     1                 
     534      534       44     4         /home/dushuai/upmem-2025.1.0-Linux-x86_64/bin/../share/upmem/include/built-in/v1A/librt_v1A.a(divsf3.c.obj):(.debug_frame)
     534      534        0     1                 
     578      578       24     4         /home/dushuai/upmem-2025.1.0-Linux-x86_64/bin/../share/upmem/include/built-in/v1A/librt_v1A.a(extendsfdf2.c.obj):(.debug_frame)
     578      578        0     1                 
     59c      59c       24     4         /home/dushuai/upmem-2025.1.0-Linux-x86_64/bin/../share/upmem/include/built-in/v1A/librt_v1A.a(floatundisf.c.obj):(.debug_frame)
     59c      59c        0     1                 
     5c0      5c0       24     4         /home/dushuai/upmem-2025.1.0-Linux-x86_64/bin/../share/upmem/include/built-in/v1A/librt_v1A.a(floatunsisf.c.obj):(.debug_frame)
     5c0      5c0        0     1                 
     5e4      5e4       24     4         /home/dushuai/upmem-2025.1.0-Linux-x86_64/bin/../share/upmem/include/built-in/v1A/librt_v1A.a(mul32.c.obj):(.debug_frame)
     5e4      5e4        0     1                 
     608      608       30     4         /home/dushuai/upmem-2025.1.0-Linux-x86_64/bin/../share/upmem/include/built-in/v1A/librt_v1A.a(mul64.c.obj):(.debug_frame)
     608      608        0     1                 
     638      638       38     4         /home/dushuai/upmem-2025.1.0-Linux-x86_64/bin/../share/upmem/include/built-in/v1A/librt_v1A.a(perfcounter.c.obj):(.debug_frame)
     638      638        0     1                 
     670      670       20     4         /home/dushuai/upmem-2025.1.0-Linux-x86_64/bin/../share/upmem/include/misc/v1A/crt0.o:(.debug_frame)
     670      670        0     1                 
       0        0     33b4     1 .debug_line
       0        0     1a44     1         /tmp/B+Tree-518565.o:(.debug_line)
       0        0        0     1                 .Lline_table_start0
    1a44     1a44      508     1         /home/dushuai/upmem-2025.1.0-Linux-x86_64/bin/../share/upmem/include/built-in/v1A/librt_v1A.a(memcpy.c.obj):(.debug_line)
    1a44     1a44        0     1                 .Lline_table_start0
    1f4c     1f4c      283     1         /home/dushuai/upmem-2025.1.0-Linux-x86_64/bin/../share/upmem/include/built-in/v1A/librt_v1A.a(memset.c.obj):(.debug_line)
    1f4c     1f4c        0     1                 .Lline_table_start0
    21cf     21cf      42b     1         /home/dushuai/upmem-2025.1.0-Linux-x86_64/bin/../share/upmem/include/built-in/v1A/librt_v1A.a(stdio.c.obj):(.debug_line)
    21cf     21cf        0     1                 .Lline_table_start0
    25fa     25fa      150     1         /home/dushuai/upmem-2025.1.0-Linux-x86_64/bin/../share/upmem/include/built-in/v1A/librt_v1A.a(barrier.c.obj):(.debug_line)
    25fa     25fa        0     1                 .Lline_table_start0
    274a     274a      24d     1         /home/dushuai/upmem-2025.1.0-Linux-x86_64/bin/../share/upmem/include/built-in/v1A/librt_v1A.a(divsf3.c.obj):(.debug_line)
    274a     274a        0     1                 .Lline_table_start0
    2997     2997      16d     1         /home/dushuai/upmem-2025.1.0-Linux-x86_64/bin/../share/upmem/include/built-in/v1A/librt_v1A.a(extendsfdf2.c.obj):(.debug_line)
    2997     2997        0     1                 .Lline_table_start0
    2b04     2b04      143     1         /home/dushuai/upmem-2025.1.0-Linux-x86_64/bin/../share/upmem/include/built-in/v1A/librt_v1A.a(floatundisf.c.obj):(.debug_line)
    2b04     2b04        0     1                 .Lline_table_start0
    2c47     2c47      11f     1         /home/dushuai/upmem-2025.1.0-Linux-x86_64/bin/../share/upmem/include/built-in/v1A/librt_v1A.a(floatunsisf.c.obj):(.debug_line)
    2c47     2c47        0     1                 .Lline_table_start0
    2d66     2d66       8b     1         /home/dushuai/upmem-2025.1.0-Linux-x86_64/bin/../share/upmem/include/built-in/v1A/librt_v1A.a(mul32.c.obj):(.debug_line)
    2d66     2d66        0     1                 .Lline_table_start0
    2df1     2df1      303     1         /home/dushuai/upmem-2025.1.0-Linux-x86_64/bin/../share/upmem/include/built-in/v1A/librt_v1A.a(mul64.c.obj):(.debug_line)
    2df1     2df1        0     1                 .Lline_table_start0
    30f4     30f4      109     1         /home/dushuai/upmem-2025.1.0-Linux-x86_64/bin/../share/upmem/include/built-in/v1A/librt_v1A.a(perfcounter.c.obj):(.debug_line)
    30f4     30f4        0     1                 .Lline_table_start0
    31fd     31fd       79     1         /home/dushuai/upmem-2025.1.0-Linux-x86_64/bin/../share/upmem/include/built-in/v1A/librt_v1A.a(soft_cache.c.obj):(.debug_line)
    31fd     31fd        0     1                 .Lline_table_start0
    3276     3276       78     1         /home/dushuai/upmem-2025.1.0-Linux-x86_64/bin/../share/upmem/include/built-in/v1A/librt_v1A.a(waitqueue.c.obj):(.debug_line)
    3276     3276        0     1                 .Lline_table_start0
    32ee     32ee       c6     1         /home/dushuai/upmem-2025.1.0-Linux-x86_64/bin/../share/upmem/include/misc/v1A/crt0.o:(.debug_line)
    32ee     32ee        0     1                 .Lline_table_start0
       0        0       68     1 .comment
       0        0       68     1         <internal>:(.comment)
       0        0      870     4 .symtab
       0        0      870     4         <internal>:(.symtab)
       0        0      11b     1 .shstrtab
       0        0      11b     1         <internal>:(.shstrtab)
       0        0      98a     1 .strtab
       0        0      98a     1         <internal>:(.strtab)
